mode: set
github.com/kodiahbertrand/pillow/internal/kyc/auditrepository.go:16.58,18.2 1 0
github.com/kodiahbertrand/pillow/internal/kyc/auditrepository.go:20.90,22.66 2 0
github.com/kodiahbertrand/pillow/internal/kyc/auditrepository.go:22.66,24.3 1 0
github.com/kodiahbertrand/pillow/internal/kyc/auditrepository.go:25.2,27.12 3 0
github.com/kodiahbertrand/pillow/internal/kyc/auditrepository.go:30.108,35.35 2 0
github.com/kodiahbertrand/pillow/internal/kyc/auditrepository.go:35.35,37.3 1 0
github.com/kodiahbertrand/pillow/internal/kyc/auditrepository.go:38.2,39.24 2 0
github.com/kodiahbertrand/pillow/internal/kyc/auditrepository.go:39.24,41.3 1 0
github.com/kodiahbertrand/pillow/internal/kyc/auditrepository.go:42.2,42.20 1 0
github.com/kodiahbertrand/pillow/internal/kyc/dto.go:77.66,86.2 1 1
github.com/kodiahbertrand/pillow/internal/kyc/dto.go:88.62,90.37 2 1
github.com/kodiahbertrand/pillow/internal/kyc/dto.go:90.37,92.3 1 0
github.com/kodiahbertrand/pillow/internal/kyc/dto.go:93.2,101.3 1 1
github.com/kodiahbertrand/pillow/internal/kyc/dto.go:104.75,114.2 1 1
github.com/kodiahbertrand/pillow/internal/kyc/dto.go:116.72,127.2 1 1
github.com/kodiahbertrand/pillow/internal/kyc/dto.go:129.74,131.45 2 1
github.com/kodiahbertrand/pillow/internal/kyc/dto.go:131.45,133.3 1 0
github.com/kodiahbertrand/pillow/internal/kyc/dto.go:134.2,135.44 2 1
github.com/kodiahbertrand/pillow/internal/kyc/dto.go:135.44,137.3 1 0
github.com/kodiahbertrand/pillow/internal/kyc/dto.go:138.2,144.3 1 1
github.com/kodiahbertrand/pillow/internal/kyc/handler.go:28.85,34.2 1 1
github.com/kodiahbertrand/pillow/internal/kyc/handler.go:36.64,38.74 2 1
github.com/kodiahbertrand/pillow/internal/kyc/handler.go:38.74,40.3 1 1
github.com/kodiahbertrand/pillow/internal/kyc/handler.go:42.2,43.43 2 1
github.com/kodiahbertrand/pillow/internal/kyc/handler.go:43.43,45.3 1 1
github.com/kodiahbertrand/pillow/internal/kyc/handler.go:46.2,46.48 1 1
github.com/kodiahbertrand/pillow/internal/kyc/handler.go:46.48,48.3 1 1
github.com/kodiahbertrand/pillow/internal/kyc/handler.go:50.2,50.80 1 1
github.com/kodiahbertrand/pillow/internal/kyc/handler.go:50.80,52.3 1 1
github.com/kodiahbertrand/pillow/internal/kyc/handler.go:54.2,54.37 1 1
github.com/kodiahbertrand/pillow/internal/kyc/handler.go:57.53,59.19 2 1
github.com/kodiahbertrand/pillow/internal/kyc/handler.go:59.19,61.3 1 1
github.com/kodiahbertrand/pillow/internal/kyc/handler.go:63.2,64.16 2 1
github.com/kodiahbertrand/pillow/internal/kyc/handler.go:64.16,66.71 2 1
github.com/kodiahbertrand/pillow/internal/kyc/handler.go:66.71,71.55 2 1
github.com/kodiahbertrand/pillow/internal/kyc/handler.go:71.55,74.23 3 1
github.com/kodiahbertrand/pillow/internal/kyc/handler.go:74.23,77.6 2 1
github.com/kodiahbertrand/pillow/internal/kyc/handler.go:79.4,79.23 1 1
github.com/kodiahbertrand/pillow/internal/kyc/handler.go:81.3,81.13 1 0
github.com/kodiahbertrand/pillow/internal/kyc/handler.go:84.2,86.53 2 1
github.com/kodiahbertrand/pillow/internal/kyc/handler.go:86.53,89.17 3 1
github.com/kodiahbertrand/pillow/internal/kyc/handler.go:89.17,91.4 1 1
github.com/kodiahbertrand/pillow/internal/kyc/handler.go:92.3,93.27 2 1
github.com/kodiahbertrand/pillow/internal/kyc/handler.go:96.2,96.21 1 1
github.com/kodiahbertrand/pillow/internal/kyc/handler.go:99.60,101.19 2 1
github.com/kodiahbertrand/pillow/internal/kyc/handler.go:101.19,103.3 1 0
github.com/kodiahbertrand/pillow/internal/kyc/handler.go:105.2,106.43 2 1
github.com/kodiahbertrand/pillow/internal/kyc/handler.go:106.43,108.3 1 1
github.com/kodiahbertrand/pillow/internal/kyc/handler.go:109.2,109.48 1 1
github.com/kodiahbertrand/pillow/internal/kyc/handler.go:109.48,111.3 1 1
github.com/kodiahbertrand/pillow/internal/kyc/handler.go:113.2,119.16 2 1
github.com/kodiahbertrand/pillow/internal/kyc/handler.go:119.16,121.3 1 1
github.com/kodiahbertrand/pillow/internal/kyc/handler.go:123.2,123.64 1 1
github.com/kodiahbertrand/pillow/internal/kyc/handler.go:126.58,132.2 1 1
github.com/kodiahbertrand/pillow/internal/kyc/handler.go:134.57,136.19 2 1
github.com/kodiahbertrand/pillow/internal/kyc/handler.go:136.19,138.3 1 0
github.com/kodiahbertrand/pillow/internal/kyc/handler.go:140.2,141.18 2 1
github.com/kodiahbertrand/pillow/internal/kyc/handler.go:141.18,143.3 1 0
github.com/kodiahbertrand/pillow/internal/kyc/handler.go:145.2,146.16 2 1
github.com/kodiahbertrand/pillow/internal/kyc/handler.go:146.16,148.3 1 1
github.com/kodiahbertrand/pillow/internal/kyc/handler.go:149.2,149.40 1 1
github.com/kodiahbertrand/pillow/internal/kyc/handler.go:149.40,151.3 1 0
github.com/kodiahbertrand/pillow/internal/kyc/handler.go:152.2,153.47 2 1
github.com/kodiahbertrand/pillow/internal/kyc/handler.go:153.47,155.3 1 1
github.com/kodiahbertrand/pillow/internal/kyc/handler.go:157.2,158.16 2 1
github.com/kodiahbertrand/pillow/internal/kyc/handler.go:158.16,160.3 1 0
github.com/kodiahbertrand/pillow/internal/kyc/handler.go:161.2,164.16 3 1
github.com/kodiahbertrand/pillow/internal/kyc/handler.go:164.16,166.3 1 0
github.com/kodiahbertrand/pillow/internal/kyc/handler.go:168.2,174.16 2 1
github.com/kodiahbertrand/pillow/internal/kyc/handler.go:174.16,176.3 1 1
github.com/kodiahbertrand/pillow/internal/kyc/handler.go:178.2,178.64 1 1
github.com/kodiahbertrand/pillow/internal/kyc/handler.go:181.50,183.19 2 1
github.com/kodiahbertrand/pillow/internal/kyc/handler.go:183.19,185.3 1 0
github.com/kodiahbertrand/pillow/internal/kyc/handler.go:187.2,188.18 2 1
github.com/kodiahbertrand/pillow/internal/kyc/handler.go:188.18,190.3 1 0
github.com/kodiahbertrand/pillow/internal/kyc/handler.go:192.2,193.16 2 1
github.com/kodiahbertrand/pillow/internal/kyc/handler.go:193.16,195.3 1 1
github.com/kodiahbertrand/pillow/internal/kyc/handler.go:197.2,197.35 1 1
github.com/kodiahbertrand/pillow/internal/kyc/handler.go:200.62,202.19 2 1
github.com/kodiahbertrand/pillow/internal/kyc/handler.go:202.19,204.3 1 0
github.com/kodiahbertrand/pillow/internal/kyc/handler.go:206.2,207.43 2 1
github.com/kodiahbertrand/pillow/internal/kyc/handler.go:207.43,209.3 1 0
github.com/kodiahbertrand/pillow/internal/kyc/handler.go:210.2,210.48 1 1
github.com/kodiahbertrand/pillow/internal/kyc/handler.go:210.48,212.3 1 1
github.com/kodiahbertrand/pillow/internal/kyc/handler.go:214.2,219.16 2 1
github.com/kodiahbertrand/pillow/internal/kyc/handler.go:219.16,221.3 1 1
github.com/kodiahbertrand/pillow/internal/kyc/handler.go:223.2,223.65 1 1
github.com/kodiahbertrand/pillow/internal/kyc/handler.go:226.56,228.19 2 1
github.com/kodiahbertrand/pillow/internal/kyc/handler.go:228.19,230.3 1 0
github.com/kodiahbertrand/pillow/internal/kyc/handler.go:232.2,233.43 2 1
github.com/kodiahbertrand/pillow/internal/kyc/handler.go:233.43,235.3 1 0
github.com/kodiahbertrand/pillow/internal/kyc/handler.go:236.2,236.48 1 1
github.com/kodiahbertrand/pillow/internal/kyc/handler.go:236.48,238.3 1 1
github.com/kodiahbertrand/pillow/internal/kyc/handler.go:240.2,246.16 2 1
github.com/kodiahbertrand/pillow/internal/kyc/handler.go:246.16,248.3 1 1
github.com/kodiahbertrand/pillow/internal/kyc/handler.go:250.2,250.64 1 1
github.com/kodiahbertrand/pillow/internal/kyc/handler.go:253.68,255.19 2 1
github.com/kodiahbertrand/pillow/internal/kyc/handler.go:255.19,257.3 1 0
github.com/kodiahbertrand/pillow/internal/kyc/handler.go:259.2,260.43 2 1
github.com/kodiahbertrand/pillow/internal/kyc/handler.go:260.43,262.3 1 0
github.com/kodiahbertrand/pillow/internal/kyc/handler.go:263.2,263.48 1 1
github.com/kodiahbertrand/pillow/internal/kyc/handler.go:263.48,265.3 1 1
github.com/kodiahbertrand/pillow/internal/kyc/handler.go:267.2,273.16 2 1
github.com/kodiahbertrand/pillow/internal/kyc/handler.go:273.16,275.3 1 1
github.com/kodiahbertrand/pillow/internal/kyc/handler.go:277.2,277.64 1 1
github.com/kodiahbertrand/pillow/internal/kyc/repository.go:19.48,21.2 1 0
github.com/kodiahbertrand/pillow/internal/kyc/repository.go:23.94,25.66 2 0
github.com/kodiahbertrand/pillow/internal/kyc/repository.go:25.66,26.26 1 0
github.com/kodiahbertrand/pillow/internal/kyc/repository.go:26.26,28.4 1 0
github.com/kodiahbertrand/pillow/internal/kyc/repository.go:29.3,29.52 1 0
github.com/kodiahbertrand/pillow/internal/kyc/repository.go:31.2,33.12 3 0
github.com/kodiahbertrand/pillow/internal/kyc/repository.go:36.109,38.95 2 0
github.com/kodiahbertrand/pillow/internal/kyc/repository.go:38.95,39.45 1 0
github.com/kodiahbertrand/pillow/internal/kyc/repository.go:39.45,41.4 1 0
github.com/kodiahbertrand/pillow/internal/kyc/repository.go:42.3,42.66 1 0
github.com/kodiahbertrand/pillow/internal/kyc/repository.go:44.2,44.30 1 0
github.com/kodiahbertrand/pillow/internal/kyc/repository.go:47.94,49.106 2 0
github.com/kodiahbertrand/pillow/internal/kyc/repository.go:49.106,50.45 1 0
github.com/kodiahbertrand/pillow/internal/kyc/repository.go:50.45,52.4 1 0
github.com/kodiahbertrand/pillow/internal/kyc/repository.go:53.3,53.61 1 0
github.com/kodiahbertrand/pillow/internal/kyc/repository.go:55.2,58.66 4 0
github.com/kodiahbertrand/pillow/internal/kyc/repository.go:58.66,60.3 1 0
github.com/kodiahbertrand/pillow/internal/kyc/repository.go:61.2,62.12 2 0
github.com/kodiahbertrand/pillow/internal/kyc/repository.go:65.106,67.66 2 0
github.com/kodiahbertrand/pillow/internal/kyc/repository.go:67.66,69.3 1 0
github.com/kodiahbertrand/pillow/internal/kyc/repository.go:70.2,73.12 4 0
github.com/kodiahbertrand/pillow/internal/kyc/repository.go:76.104,78.80 2 0
github.com/kodiahbertrand/pillow/internal/kyc/repository.go:78.80,79.45 1 0
github.com/kodiahbertrand/pillow/internal/kyc/repository.go:79.45,81.4 1 0
github.com/kodiahbertrand/pillow/internal/kyc/repository.go:82.3,82.71 1 0
github.com/kodiahbertrand/pillow/internal/kyc/repository.go:84.2,84.30 1 0
github.com/kodiahbertrand/pillow/internal/kyc/repository.go:87.106,90.25 3 0
github.com/kodiahbertrand/pillow/internal/kyc/repository.go:90.25,92.3 1 0
github.com/kodiahbertrand/pillow/internal/kyc/repository.go:93.2,93.30 1 0
github.com/kodiahbertrand/pillow/internal/kyc/repository.go:93.30,95.3 1 0
github.com/kodiahbertrand/pillow/internal/kyc/repository.go:96.2,97.12 2 0
github.com/kodiahbertrand/pillow/internal/kyc/repository.go:100.109,106.35 2 0
github.com/kodiahbertrand/pillow/internal/kyc/repository.go:106.35,108.3 1 0
github.com/kodiahbertrand/pillow/internal/kyc/repository.go:109.2,110.24 2 0
github.com/kodiahbertrand/pillow/internal/kyc/repository.go:110.24,112.3 1 0
github.com/kodiahbertrand/pillow/internal/kyc/repository.go:113.2,113.19 1 0
github.com/kodiahbertrand/pillow/internal/kyc/repository.go:116.85,118.66 2 0
github.com/kodiahbertrand/pillow/internal/kyc/repository.go:118.66,119.26 1 0
github.com/kodiahbertrand/pillow/internal/kyc/repository.go:119.26,121.4 1 0
github.com/kodiahbertrand/pillow/internal/kyc/repository.go:122.3,122.50 1 0
github.com/kodiahbertrand/pillow/internal/kyc/repository.go:124.2,127.12 4 0
github.com/kodiahbertrand/pillow/internal/kyc/repository.go:130.120,134.35 2 0
github.com/kodiahbertrand/pillow/internal/kyc/repository.go:134.35,135.45 1 0
github.com/kodiahbertrand/pillow/internal/kyc/repository.go:135.45,137.4 1 0
github.com/kodiahbertrand/pillow/internal/kyc/repository.go:138.3,138.74 1 0
github.com/kodiahbertrand/pillow/internal/kyc/repository.go:140.2,140.30 1 0
github.com/kodiahbertrand/pillow/internal/kyc/repository.go:143.85,146.25 3 0
github.com/kodiahbertrand/pillow/internal/kyc/repository.go:146.25,148.3 1 0
github.com/kodiahbertrand/pillow/internal/kyc/repository.go:149.2,149.30 1 0
github.com/kodiahbertrand/pillow/internal/kyc/repository.go:149.30,151.3 1 0
github.com/kodiahbertrand/pillow/internal/kyc/repository.go:152.2,153.12 2 0
github.com/kodiahbertrand/pillow/internal/kyc/repository.go:156.103,158.66 2 0
github.com/kodiahbertrand/pillow/internal/kyc/repository.go:158.66,160.3 1 0
github.com/kodiahbertrand/pillow/internal/kyc/repository.go:161.2,164.12 4 0
github.com/kodiahbertrand/pillow/internal/kyc/repository.go:167.112,169.80 2 0
github.com/kodiahbertrand/pillow/internal/kyc/repository.go:169.80,170.45 1 0
github.com/kodiahbertrand/pillow/internal/kyc/repository.go:170.45,172.4 1 0
github.com/kodiahbertrand/pillow/internal/kyc/repository.go:173.3,173.69 1 0
github.com/kodiahbertrand/pillow/internal/kyc/repository.go:175.2,175.30 1 0
github.com/kodiahbertrand/pillow/internal/kyc/repository.go:178.103,181.25 3 0
github.com/kodiahbertrand/pillow/internal/kyc/repository.go:181.25,183.3 1 0
github.com/kodiahbertrand/pillow/internal/kyc/repository.go:184.2,184.30 1 0
github.com/kodiahbertrand/pillow/internal/kyc/repository.go:184.30,186.3 1 0
github.com/kodiahbertrand/pillow/internal/kyc/repository.go:187.2,188.12 2 0
github.com/kodiahbertrand/pillow/internal/kyc/repository.go:191.136,197.35 2 0
github.com/kodiahbertrand/pillow/internal/kyc/repository.go:197.35,199.3 1 0
github.com/kodiahbertrand/pillow/internal/kyc/repository.go:200.2,201.24 2 0
github.com/kodiahbertrand/pillow/internal/kyc/repository.go:201.24,203.3 1 0
github.com/kodiahbertrand/pillow/internal/kyc/repository.go:204.2,204.19 1 0
github.com/kodiahbertrand/pillow/internal/kyc/repository.go:207.119,213.35 2 0
github.com/kodiahbertrand/pillow/internal/kyc/repository.go:213.35,215.3 1 0
github.com/kodiahbertrand/pillow/internal/kyc/repository.go:216.2,217.24 2 0
github.com/kodiahbertrand/pillow/internal/kyc/repository.go:217.24,219.3 1 0
github.com/kodiahbertrand/pillow/internal/kyc/repository.go:220.2,220.20 1 0
github.com/kodiahbertrand/pillow/internal/kyc/repository.go:223.146,225.18 2 0
github.com/kodiahbertrand/pillow/internal/kyc/repository.go:225.18,227.3 1 0
github.com/kodiahbertrand/pillow/internal/kyc/repository.go:228.2,229.80 2 0
github.com/kodiahbertrand/pillow/internal/kyc/repository.go:229.80,231.3 1 0
github.com/kodiahbertrand/pillow/internal/kyc/repository.go:232.2,233.24 2 0
github.com/kodiahbertrand/pillow/internal/kyc/repository.go:233.24,235.3 1 0
github.com/kodiahbertrand/pillow/internal/kyc/repository.go:236.2,236.22 1 0
github.com/kodiahbertrand/pillow/internal/kyc/repository.go:239.37,241.2 1 0
github.com/kodiahbertrand/pillow/internal/kyc/repository.go:243.44,244.40 1 0
github.com/kodiahbertrand/pillow/internal/kyc/repository.go:244.40,245.29 1 0
github.com/kodiahbertrand/pillow/internal/kyc/repository.go:245.29,247.4 1 0
github.com/kodiahbertrand/pillow/internal/kyc/repository.go:249.2,249.14 1 0
github.com/kodiahbertrand/pillow/internal/kyc/service.go:44.21,53.2 1 1
github.com/kodiahbertrand/pillow/internal/kyc/service.go:55.97,56.59 1 1
github.com/kodiahbertrand/pillow/internal/kyc/service.go:56.59,58.3 1 1
github.com/kodiahbertrand/pillow/internal/kyc/service.go:60.2,61.16 2 1
github.com/kodiahbertrand/pillow/internal/kyc/service.go:61.16,63.3 1 1
github.com/kodiahbertrand/pillow/internal/kyc/service.go:65.2,65.20 1 1
github.com/kodiahbertrand/pillow/internal/kyc/service.go:65.20,67.3 1 1
github.com/kodiahbertrand/pillow/internal/kyc/service.go:68.2,68.21 1 1
github.com/kodiahbertrand/pillow/internal/kyc/service.go:71.127,73.16 2 1
github.com/kodiahbertrand/pillow/internal/kyc/service.go:73.16,75.3 1 1
github.com/kodiahbertrand/pillow/internal/kyc/service.go:77.2,78.12 2 1
github.com/kodiahbertrand/pillow/internal/kyc/service.go:78.12,80.3 1 1
github.com/kodiahbertrand/pillow/internal/kyc/service.go:82.2,90.8 2 1
github.com/kodiahbertrand/pillow/internal/kyc/service.go:93.132,94.25 1 1
github.com/kodiahbertrand/pillow/internal/kyc/service.go:94.25,96.3 1 1
github.com/kodiahbertrand/pillow/internal/kyc/service.go:98.2,99.16 2 1
github.com/kodiahbertrand/pillow/internal/kyc/service.go:99.16,101.3 1 1
github.com/kodiahbertrand/pillow/internal/kyc/service.go:103.2,112.65 3 1
github.com/kodiahbertrand/pillow/internal/kyc/service.go:112.65,114.3 1 1
github.com/kodiahbertrand/pillow/internal/kyc/service.go:116.2,116.41 1 1
github.com/kodiahbertrand/pillow/internal/kyc/service.go:116.41,121.18 1 1
github.com/kodiahbertrand/pillow/internal/kyc/service.go:121.18,123.4 1 0
github.com/kodiahbertrand/pillow/internal/kyc/service.go:126.2,131.30 2 1
github.com/kodiahbertrand/pillow/internal/kyc/service.go:134.98,136.16 2 1
github.com/kodiahbertrand/pillow/internal/kyc/service.go:136.16,138.3 1 1
github.com/kodiahbertrand/pillow/internal/kyc/service.go:139.2,139.45 1 1
github.com/kodiahbertrand/pillow/internal/kyc/service.go:139.45,141.3 1 1
github.com/kodiahbertrand/pillow/internal/kyc/service.go:143.2,148.17 1 1
github.com/kodiahbertrand/pillow/internal/kyc/service.go:148.17,150.3 1 0
github.com/kodiahbertrand/pillow/internal/kyc/service.go:152.2,157.12 2 1
github.com/kodiahbertrand/pillow/internal/kyc/service.go:160.126,162.16 2 1
github.com/kodiahbertrand/pillow/internal/kyc/service.go:162.16,164.3 1 1
github.com/kodiahbertrand/pillow/internal/kyc/service.go:165.2,165.45 1 1
github.com/kodiahbertrand/pillow/internal/kyc/service.go:165.45,167.3 1 1
github.com/kodiahbertrand/pillow/internal/kyc/service.go:169.2,174.16 2 1
github.com/kodiahbertrand/pillow/internal/kyc/service.go:174.16,176.3 1 1
github.com/kodiahbertrand/pillow/internal/kyc/service.go:178.2,183.17 1 1
github.com/kodiahbertrand/pillow/internal/kyc/service.go:183.17,185.3 1 0
github.com/kodiahbertrand/pillow/internal/kyc/service.go:187.2,192.30 2 1
github.com/kodiahbertrand/pillow/internal/kyc/service.go:195.108,197.16 2 1
github.com/kodiahbertrand/pillow/internal/kyc/service.go:197.16,199.3 1 1
github.com/kodiahbertrand/pillow/internal/kyc/service.go:200.2,200.39 1 1
github.com/kodiahbertrand/pillow/internal/kyc/service.go:200.39,202.3 1 1
github.com/kodiahbertrand/pillow/internal/kyc/service.go:203.2,203.30 1 1
github.com/kodiahbertrand/pillow/internal/kyc/service.go:206.91,208.16 2 1
github.com/kodiahbertrand/pillow/internal/kyc/service.go:208.16,210.3 1 1
github.com/kodiahbertrand/pillow/internal/kyc/service.go:211.2,212.71 2 1
github.com/kodiahbertrand/pillow/internal/kyc/service.go:212.71,214.3 1 1
github.com/kodiahbertrand/pillow/internal/kyc/service.go:216.2,217.16 2 1
github.com/kodiahbertrand/pillow/internal/kyc/service.go:217.16,219.3 1 1
github.com/kodiahbertrand/pillow/internal/kyc/service.go:221.2,231.24 2 1
github.com/kodiahbertrand/pillow/internal/kyc/service.go:232.30,233.39 1 1
github.com/kodiahbertrand/pillow/internal/kyc/service.go:234.30,235.39 1 1
github.com/kodiahbertrand/pillow/internal/kyc/service.go:238.2,238.55 1 1
github.com/kodiahbertrand/pillow/internal/kyc/service.go:238.55,240.3 1 1
github.com/kodiahbertrand/pillow/internal/kyc/service.go:242.2,244.31 2 1
github.com/kodiahbertrand/pillow/internal/kyc/service.go:244.31,247.27 3 1
github.com/kodiahbertrand/pillow/internal/kyc/service.go:247.27,249.4 1 1
github.com/kodiahbertrand/pillow/internal/kyc/service.go:250.3,250.78 1 1
github.com/kodiahbertrand/pillow/internal/kyc/service.go:250.78,252.4 1 1
github.com/kodiahbertrand/pillow/internal/kyc/service.go:253.3,253.55 1 1
github.com/kodiahbertrand/pillow/internal/kyc/service.go:253.55,254.108 1 1
github.com/kodiahbertrand/pillow/internal/kyc/service.go:254.108,256.5 1 1
github.com/kodiahbertrand/pillow/internal/kyc/service.go:258.3,258.87 1 1
github.com/kodiahbertrand/pillow/internal/kyc/service.go:261.2,267.12 2 1
github.com/kodiahbertrand/pillow/internal/kyc/service.go:270.134,279.64 2 1
github.com/kodiahbertrand/pillow/internal/kyc/service.go:279.64,281.3 1 1
github.com/kodiahbertrand/pillow/internal/kyc/service.go:283.2,289.17 1 1
github.com/kodiahbertrand/pillow/internal/kyc/service.go:289.17,291.3 1 0
github.com/kodiahbertrand/pillow/internal/kyc/service.go:293.2,298.19 2 1
github.com/kodiahbertrand/pillow/internal/kyc/service.go:301.124,302.71 1 1
github.com/kodiahbertrand/pillow/internal/kyc/service.go:302.71,304.3 1 1
github.com/kodiahbertrand/pillow/internal/kyc/service.go:306.2,307.16 2 1
github.com/kodiahbertrand/pillow/internal/kyc/service.go:307.16,309.3 1 1
github.com/kodiahbertrand/pillow/internal/kyc/service.go:311.2,317.65 2 1
github.com/kodiahbertrand/pillow/internal/kyc/service.go:317.65,319.3 1 1
github.com/kodiahbertrand/pillow/internal/kyc/service.go:321.2,327.17 1 1
github.com/kodiahbertrand/pillow/internal/kyc/service.go:327.17,329.3 1 1
github.com/kodiahbertrand/pillow/internal/kyc/service.go:331.2,336.30 2 1
github.com/kodiahbertrand/pillow/internal/kyc/service.go:339.148,340.38 1 1
github.com/kodiahbertrand/pillow/internal/kyc/service.go:340.38,342.3 1 1
github.com/kodiahbertrand/pillow/internal/kyc/service.go:344.2,345.16 2 1
github.com/kodiahbertrand/pillow/internal/kyc/service.go:345.16,347.3 1 1
github.com/kodiahbertrand/pillow/internal/kyc/service.go:349.2,355.65 2 1
github.com/kodiahbertrand/pillow/internal/kyc/service.go:355.65,357.3 1 1
github.com/kodiahbertrand/pillow/internal/kyc/service.go:359.2,365.17 1 1
github.com/kodiahbertrand/pillow/internal/kyc/service.go:365.17,367.3 1 0
github.com/kodiahbertrand/pillow/internal/kyc/service.go:369.2,374.30 2 1
github.com/kodiahbertrand/pillow/internal/kyc/service.go:377.124,379.16 2 1
github.com/kodiahbertrand/pillow/internal/kyc/service.go:379.16,381.3 1 1
github.com/kodiahbertrand/pillow/internal/kyc/service.go:382.2,383.71 2 1
github.com/kodiahbertrand/pillow/internal/kyc/service.go:383.71,385.3 1 1
github.com/kodiahbertrand/pillow/internal/kyc/service.go:386.2,392.59 2 1
github.com/kodiahbertrand/pillow/internal/kyc/service.go:392.59,394.3 1 1
github.com/kodiahbertrand/pillow/internal/kyc/service.go:395.2,396.21 2 1
github.com/kodiahbertrand/pillow/internal/kyc/service.go:399.113,405.17 1 1
github.com/kodiahbertrand/pillow/internal/kyc/service.go:405.17,407.3 1 1
github.com/kodiahbertrand/pillow/internal/kyc/service.go:410.130,417.49 2 1
github.com/kodiahbertrand/pillow/internal/kyc/service.go:417.49,419.3 1 1
github.com/kodiahbertrand/pillow/internal/kyc/service.go:422.117,424.16 2 1
github.com/kodiahbertrand/pillow/internal/kyc/service.go:424.16,426.3 1 1
github.com/kodiahbertrand/pillow/internal/kyc/service.go:427.2,428.47 2 1
github.com/kodiahbertrand/pillow/internal/kyc/service.go:428.47,430.3 1 1
github.com/kodiahbertrand/pillow/internal/kyc/service.go:431.2,431.59 1 1
github.com/kodiahbertrand/pillow/internal/kyc/service.go:431.59,433.3 1 1
github.com/kodiahbertrand/pillow/internal/kyc/service.go:434.2,438.12 3 1
github.com/kodiahbertrand/pillow/internal/kyc/service.go:441.126,443.24 2 0
github.com/kodiahbertrand/pillow/internal/kyc/service.go:444.30,445.33 1 0
github.com/kodiahbertrand/pillow/internal/kyc/service.go:446.30,447.33 1 0
github.com/kodiahbertrand/pillow/internal/kyc/service.go:449.2,457.3 1 0
github.com/kodiahbertrand/pillow/internal/kyc/service.go:460.107,461.59 1 1
github.com/kodiahbertrand/pillow/internal/kyc/service.go:461.59,463.3 1 1
github.com/kodiahbertrand/pillow/internal/kyc/service.go:465.2,466.16 2 1
github.com/kodiahbertrand/pillow/internal/kyc/service.go:466.16,468.72 2 1
github.com/kodiahbertrand/pillow/internal/kyc/service.go:468.72,470.4 1 1
github.com/kodiahbertrand/pillow/internal/kyc/service.go:471.3,471.77 1 1
github.com/kodiahbertrand/pillow/internal/kyc/service.go:474.2,474.20 1 1
github.com/kodiahbertrand/pillow/internal/kyc/service.go:474.20,476.3 1 0
github.com/kodiahbertrand/pillow/internal/kyc/service.go:477.2,477.21 1 1
github.com/kodiahbertrand/pillow/internal/kyc/service.go:480.91,481.20 1 1
github.com/kodiahbertrand/pillow/internal/kyc/service.go:481.20,483.3 1 1
github.com/kodiahbertrand/pillow/internal/kyc/service.go:484.2,485.16 2 1
github.com/kodiahbertrand/pillow/internal/kyc/service.go:485.16,488.3 2 1
github.com/kodiahbertrand/pillow/internal/kyc/service.go:489.2,489.15 1 1
github.com/kodiahbertrand/pillow/internal/kyc/service.go:492.74,493.20 1 1
github.com/kodiahbertrand/pillow/internal/kyc/service.go:493.20,494.50 1 0
github.com/kodiahbertrand/pillow/internal/kyc/service.go:494.50,496.4 1 0
github.com/kodiahbertrand/pillow/internal/kyc/service.go:500.88,501.20 1 1
github.com/kodiahbertrand/pillow/internal/kyc/service.go:501.20,503.3 1 1
github.com/kodiahbertrand/pillow/internal/kyc/service.go:504.2,504.50 1 1
github.com/kodiahbertrand/pillow/internal/kyc/service.go:504.50,506.3 1 1
github.com/kodiahbertrand/pillow/internal/kyc/service.go:507.2,507.12 1 1
github.com/kodiahbertrand/pillow/internal/kyc/service.go:510.64,512.30 2 1
github.com/kodiahbertrand/pillow/internal/kyc/service.go:512.30,514.3 1 1
github.com/kodiahbertrand/pillow/internal/kyc/service.go:515.2,515.26 1 1
github.com/kodiahbertrand/pillow/internal/kyc/service.go:515.26,517.3 1 1
github.com/kodiahbertrand/pillow/internal/kyc/service.go:517.8,517.33 1 1
github.com/kodiahbertrand/pillow/internal/kyc/service.go:517.33,519.3 1 1
github.com/kodiahbertrand/pillow/internal/kyc/service.go:520.2,520.37 1 1
github.com/kodiahbertrand/pillow/internal/kyc/service.go:520.37,522.3 1 1
github.com/kodiahbertrand/pillow/internal/kyc/service.go:523.2,523.57 1 1
github.com/kodiahbertrand/pillow/internal/kyc/service.go:523.57,525.3 1 1
github.com/kodiahbertrand/pillow/internal/kyc/service.go:526.2,526.32 1 1
github.com/kodiahbertrand/pillow/internal/kyc/service.go:529.81,530.19 1 1
github.com/kodiahbertrand/pillow/internal/kyc/service.go:531.28,532.38 1 1
github.com/kodiahbertrand/pillow/internal/kyc/service.go:532.38,534.4 1 1
github.com/kodiahbertrand/pillow/internal/kyc/service.go:535.28,536.36 1 1
github.com/kodiahbertrand/pillow/internal/kyc/service.go:536.36,538.4 1 1
github.com/kodiahbertrand/pillow/internal/kyc/service.go:539.29,540.36 1 1
github.com/kodiahbertrand/pillow/internal/kyc/service.go:540.36,542.4 1 1
github.com/kodiahbertrand/pillow/internal/kyc/service.go:543.44,544.30 1 1
github.com/kodiahbertrand/pillow/internal/kyc/service.go:546.2,546.16 1 1
github.com/kodiahbertrand/pillow/internal/kyc/service.go:549.72,550.19 1 1
github.com/kodiahbertrand/pillow/internal/kyc/service.go:551.29,552.39 1 1
github.com/kodiahbertrand/pillow/internal/kyc/service.go:553.27,554.37 1 1
github.com/kodiahbertrand/pillow/internal/kyc/service.go:555.23,556.33 1 1
github.com/kodiahbertrand/pillow/internal/kyc/service.go:557.29,558.39 1 1
github.com/kodiahbertrand/pillow/internal/kyc/service.go:559.10,560.12 1 1
github.com/kodiahbertrand/pillow/internal/kyc/service.go:564.86,565.16 1 1
github.com/kodiahbertrand/pillow/internal/kyc/service.go:566.29,567.29 1 1
github.com/kodiahbertrand/pillow/internal/kyc/service.go:568.29,569.28 1 1
github.com/kodiahbertrand/pillow/internal/kyc/service.go:570.10,571.29 1 1
github.com/kodiahbertrand/pillow/internal/kyc/worker.go:17.23,21.2 3 1
github.com/kodiahbertrand/pillow/internal/kyc/worker.go:30.142,32.2 1 1
github.com/kodiahbertrand/pillow/internal/kyc/worker.go:34.75,37.6 3 0
github.com/kodiahbertrand/pillow/internal/kyc/worker.go:37.6,38.10 1 0
github.com/kodiahbertrand/pillow/internal/kyc/worker.go:39.19,40.18 1 0
github.com/kodiahbertrand/pillow/internal/kyc/worker.go:41.21,42.10 1 0
github.com/kodiahbertrand/pillow/internal/kyc/worker.go:47.55,52.16 5 1
github.com/kodiahbertrand/pillow/internal/kyc/worker.go:52.16,55.3 2 1
github.com/kodiahbertrand/pillow/internal/kyc/worker.go:56.2,56.27 1 1
github.com/kodiahbertrand/pillow/internal/kyc/worker.go:56.27,62.62 2 1
github.com/kodiahbertrand/pillow/internal/kyc/worker.go:62.62,64.4 1 0
github.com/kodiahbertrand/pillow/internal/kyc/worker.go:65.3,71.5 2 1
github.com/kodiahbertrand/pillow/internal/kyc/worker.go:83.170,91.2 1 1
github.com/kodiahbertrand/pillow/internal/kyc/worker.go:93.80,96.6 3 0
github.com/kodiahbertrand/pillow/internal/kyc/worker.go:96.6,97.10 1 0
github.com/kodiahbertrand/pillow/internal/kyc/worker.go:98.19,99.18 1 0
github.com/kodiahbertrand/pillow/internal/kyc/worker.go:100.21,101.10 1 0
github.com/kodiahbertrand/pillow/internal/kyc/worker.go:106.60,111.6 5 1
github.com/kodiahbertrand/pillow/internal/kyc/worker.go:111.6,113.17 2 1
github.com/kodiahbertrand/pillow/internal/kyc/worker.go:113.17,116.4 2 0
github.com/kodiahbertrand/pillow/internal/kyc/worker.go:117.3,117.25 1 1
github.com/kodiahbertrand/pillow/internal/kyc/worker.go:117.25,119.4 1 0
github.com/kodiahbertrand/pillow/internal/kyc/worker.go:120.3,120.30 1 1
github.com/kodiahbertrand/pillow/internal/kyc/worker.go:120.30,122.4 1 1
github.com/kodiahbertrand/pillow/internal/kyc/worker.go:123.3,124.32 2 1
github.com/kodiahbertrand/pillow/internal/kyc/worker.go:124.32,126.4 1 1
github.com/kodiahbertrand/pillow/internal/kyc/worker.go:130.94,132.16 2 1
github.com/kodiahbertrand/pillow/internal/kyc/worker.go:132.16,133.48 1 1
github.com/kodiahbertrand/pillow/internal/kyc/worker.go:133.48,136.4 2 1
github.com/kodiahbertrand/pillow/internal/kyc/worker.go:137.3,138.9 2 0
github.com/kodiahbertrand/pillow/internal/kyc/worker.go:141.2,147.61 2 1
github.com/kodiahbertrand/pillow/internal/kyc/worker.go:147.61,149.3 1 0
github.com/kodiahbertrand/pillow/internal/kyc/worker.go:151.2,151.46 1 1
github.com/kodiahbertrand/pillow/internal/kyc/worker.go:151.46,153.3 1 1
github.com/kodiahbertrand/pillow/internal/kyc/worker.go:156.117,157.34 1 1
github.com/kodiahbertrand/pillow/internal/kyc/worker.go:157.34,160.3 2 1
github.com/kodiahbertrand/pillow/internal/kyc/worker.go:161.2,161.90 1 1
github.com/kodiahbertrand/pillow/internal/kyc/worker.go:161.90,163.3 1 1
github.com/kodiahbertrand/pillow/internal/kyc/worker.go:165.2,171.65 2 1
github.com/kodiahbertrand/pillow/internal/kyc/worker.go:171.65,174.3 2 0
github.com/kodiahbertrand/pillow/internal/kyc/worker.go:176.2,183.17 1 1
github.com/kodiahbertrand/pillow/internal/kyc/worker.go:183.17,186.3 2 0
github.com/kodiahbertrand/pillow/internal/kyc/worker.go:187.2,187.98 1 1
github.com/kodiahbertrand/pillow/internal/kyc/worker.go:197.157,199.2 1 1
github.com/kodiahbertrand/pillow/internal/kyc/worker.go:201.81,204.6 3 0
github.com/kodiahbertrand/pillow/internal/kyc/worker.go:204.6,205.10 1 0
github.com/kodiahbertrand/pillow/internal/kyc/worker.go:206.19,207.18 1 0
github.com/kodiahbertrand/pillow/internal/kyc/worker.go:208.21,209.10 1 0
github.com/kodiahbertrand/pillow/internal/kyc/worker.go:214.61,219.16 5 1
github.com/kodiahbertrand/pillow/internal/kyc/worker.go:219.16,222.3 2 1
github.com/kodiahbertrand/pillow/internal/kyc/worker.go:223.2,223.27 1 1
github.com/kodiahbertrand/pillow/internal/kyc/worker.go:223.27,225.17 2 1
github.com/kodiahbertrand/pillow/internal/kyc/worker.go:225.17,227.12 2 0
github.com/kodiahbertrand/pillow/internal/kyc/worker.go:229.3,234.62 2 1
github.com/kodiahbertrand/pillow/internal/kyc/worker.go:234.62,236.4 1 0
github.com/kodiahbertrand/pillow/internal/kyc/worker.go:237.3,243.123 2 1
github.com/kodiahbertrand/pillow/internal/kyc/worker.go:251.62,253.2 1 1
github.com/kodiahbertrand/pillow/internal/kyc/worker.go:255.72,258.6 3 0
github.com/kodiahbertrand/pillow/internal/kyc/worker.go:258.6,259.10 1 0
github.com/kodiahbertrand/pillow/internal/kyc/worker.go:260.19,261.18 1 0
github.com/kodiahbertrand/pillow/internal/kyc/worker.go:262.21,263.10 1 0
github.com/kodiahbertrand/pillow/internal/kyc/worker.go:268.52,272.16 4 1
github.com/kodiahbertrand/pillow/internal/kyc/worker.go:272.16,275.3 2 0
github.com/kodiahbertrand/pillow/internal/kyc/worker.go:276.2,276.15 1 1
github.com/kodiahbertrand/pillow/internal/kyc/worker.go:276.15,278.3 1 1
github.com/kodiahbertrand/pillow/internal/kyc/worker.go:310.18,325.2 1 1
github.com/kodiahbertrand/pillow/internal/kyc/worker.go:327.74,330.6 3 0
github.com/kodiahbertrand/pillow/internal/kyc/worker.go:330.6,331.10 1 0
github.com/kodiahbertrand/pillow/internal/kyc/worker.go:332.19,333.18 1 0
github.com/kodiahbertrand/pillow/internal/kyc/worker.go:334.21,335.10 1 0
github.com/kodiahbertrand/pillow/internal/kyc/worker.go:340.54,344.16 4 1
github.com/kodiahbertrand/pillow/internal/kyc/worker.go:344.16,347.3 2 1
github.com/kodiahbertrand/pillow/internal/kyc/worker.go:348.2,348.16 1 1
github.com/kodiahbertrand/pillow/internal/kyc/worker.go:348.16,350.3 1 1
github.com/kodiahbertrand/pillow/internal/kyc/worker.go:351.2,351.47 1 1
github.com/kodiahbertrand/pillow/internal/kyc/worker.go:351.47,353.3 1 0
github.com/kodiahbertrand/pillow/internal/kyc/worker.go:356.83,361.2 4 1
github.com/kodiahbertrand/pillow/internal/kyc/worker.go:363.92,364.18 1 1
github.com/kodiahbertrand/pillow/internal/kyc/worker.go:365.27,367.68 2 1
github.com/kodiahbertrand/pillow/internal/kyc/worker.go:367.68,374.4 2 1
github.com/kodiahbertrand/pillow/internal/kyc/worker.go:374.18,376.4 1 0
github.com/kodiahbertrand/pillow/internal/kyc/worker.go:377.3,384.5 1 1
github.com/kodiahbertrand/pillow/internal/kyc/worker.go:386.23,388.69 2 1
github.com/kodiahbertrand/pillow/internal/kyc/worker.go:388.69,395.4 2 1
github.com/kodiahbertrand/pillow/internal/kyc/worker.go:395.18,397.4 1 0
github.com/kodiahbertrand/pillow/internal/kyc/worker.go:398.3,405.5 1 1
github.com/kodiahbertrand/pillow/internal/kyc/worker.go:407.29,409.70 2 1
github.com/kodiahbertrand/pillow/internal/kyc/worker.go:409.70,416.4 2 1
github.com/kodiahbertrand/pillow/internal/kyc/worker.go:416.18,418.4 1 0
github.com/kodiahbertrand/pillow/internal/kyc/worker.go:420.3,421.21 2 1
github.com/kodiahbertrand/pillow/internal/kyc/worker.go:421.21,423.4 1 0
github.com/kodiahbertrand/pillow/internal/kyc/worker.go:425.3,425.25 1 1
github.com/kodiahbertrand/pillow/internal/kyc/worker.go:426.31,428.53 2 1
github.com/kodiahbertrand/pillow/internal/kyc/worker.go:429.31,431.49 2 0
github.com/kodiahbertrand/pillow/internal/kyc/worker.go:432.11,434.49 2 0
github.com/kodiahbertrand/pillow/internal/kyc/worker.go:437.3,437.65 1 1
github.com/kodiahbertrand/pillow/internal/kyc/worker.go:437.65,439.4 1 0
github.com/kodiahbertrand/pillow/internal/kyc/worker.go:441.3,441.44 1 1
github.com/kodiahbertrand/pillow/internal/kyc/worker.go:441.44,443.25 2 1
github.com/kodiahbertrand/pillow/internal/kyc/worker.go:443.25,447.5 3 0
github.com/kodiahbertrand/pillow/internal/kyc/worker.go:450.3,456.13 2 1
github.com/kodiahbertrand/pillow/internal/kyc/worker.go:458.28,460.69 2 1
github.com/kodiahbertrand/pillow/internal/kyc/worker.go:460.69,466.4 2 1
github.com/kodiahbertrand/pillow/internal/kyc/worker.go:466.18,468.4 1 0
github.com/kodiahbertrand/pillow/internal/kyc/worker.go:469.3,476.5 1 1
github.com/kodiahbertrand/pillow/internal/kyc/worker.go:478.29,480.70 2 1
github.com/kodiahbertrand/pillow/internal/kyc/worker.go:480.70,486.4 2 1
github.com/kodiahbertrand/pillow/internal/kyc/worker.go:486.18,487.49 1 1
github.com/kodiahbertrand/pillow/internal/kyc/worker.go:487.49,491.5 3 1
github.com/kodiahbertrand/pillow/internal/kyc/worker.go:492.4,492.50 1 0
github.com/kodiahbertrand/pillow/internal/kyc/worker.go:494.3,501.5 1 1
github.com/kodiahbertrand/pillow/internal/kyc/worker.go:503.10,505.13 2 1
